/home/admin1/app_ws/devel/lib/app_communication/rec_app_node
I1228 17:04:41.093063 11275 rec_app_node.cpp:177] glog file is info_20231228-170441.11275
I1228 17:04:41.093508 11275 rec_app_node.cpp:286] dumpDirStr /home/admin1/app_dump
I1228 17:04:41.093740 11275 rec_app_node.cpp:41] 启动 rec_app_node 11275 start to listening !
I1228 17:04:42.096128 11276 timer_call.cpp:94] init TimerInitCall. 140167517554432
I1228 17:04:42.110386 11275 rec_app_node.cpp:350] core version : 2.0.13.1_630
I1228 17:04:42.116657 11275 async_machine.h:71] enterStatus : epoll_manual: 0 epoll_special: 0 epoll_error: 0 urgency_stop: 2 task_flow: 0 node_mode: 1 carto_mode: 0
I1228 17:04:42.135839 11275 map_control.cpp:35] load 6df28edc-1df4-4505-a148-f0302ec3c139 map information ...
I1228 17:04:42.187930 11275 AsyncTaskFramework.cpp:18] AsyncTaskFramework : 0
I1228 17:04:42.217197 11275 point_planner.cpp:68] PointPlanner initialize ...
I1228 17:04:42.243078 11275 motor_server.cpp:13] MotorServerSingleton  init ...
I1228 17:04:42.244383 11275 motor_server.cpp:18] MotorServerSingleton  init start_motor stop_motor complete ...
I1228 17:04:43.363255 11331 WsServerManager.cpp:513] WsServerThread : 11331
I1228 17:04:43.364557 11334 WsServerManager.cpp:464] WsServerDataThread : 11334
I1228 17:04:43.364606 11336 WsServerManager.cpp:328] WsServerMapThread : 11336
I1228 17:04:43.364593 11335 WsServerManager.cpp:404] WsServerSubThread : 11335
I1228 17:04:43.576471 11292 async_task_call.cpp:198] AsyncTaskCall : 解除急停了 ...
I1228 17:04:46.252769 11311 node_control.cpp:55] inu cameraFiringAvailable OR_percent 设置成功 ...
I1228 17:05:05.802505 11353 TaskCenter.cpp:70] TASK ID : 6c6c532b-b742-4394-b713-a1d3365086b6
I1228 17:05:05.848850 11353 task_dispatcher.cpp:30]  验证覆盖点位个数为 : 169 , 此任务验证可以通过 ...
cost handSegmentation : 0 s 0
I1228 17:05:06.285045 11292 AsyncTaskFramework.cpp:239] AsyncTaskFramework : 新任务来了，查看当前是否处于工作状态 ...
I1228 17:05:06.285089 11292 AsyncTaskFramework.cpp:241] AsyncTaskFramework : 不是工作状态，准备启动工作状态 ...
I1228 17:05:06.285118 11292 NodeWorkModeManager.cpp:107] NodeWorkModeManager 切换为 mode = 2 的模式 ...
I1228 17:05:06.285267 11349 node_control_subscribe.cpp:15] NodeControlSubscribe : 2
I1228 17:05:06.285351 11314 motor_server.cpp:51] MotorServerSingleton  startInu 启动 inu 服务 ...
I1228 17:05:06.307443 11316 motor_server.cpp:26] MotorServerSingleton  start_motor 开始 start 雷达 ...
I1228 17:05:07.278656 11316 motor_server.cpp:32] MotorServerSingleton  callResult 1 ...
I1228 17:05:13.278944 11316 mode_validate.cpp:257] ModeValidate  validateMotorServer count : 42
I1228 17:05:14.279139 11316 mode_validate.cpp:257] ModeValidate  validateMotorServer count : 52
I1228 17:05:14.279173 11316 mode_validate.cpp:265] ModeValidate  MotorServer stop 0
I1228 17:05:14.279187 11314 mode_validate.cpp:203] ModeValidate  validateHardwareServer 所有步骤已完成，主线程继续执行！
I1228 17:05:14.279208 11314 mode_validate.cpp:209] ModeValidate  validateHardwareServer elapsed : 7993832040
I1228 17:05:14.279217 11314 mode_validate.cpp:215] ModeValidate  validateHardwareServer 服务可用校验 ------------------------------
I1228 17:05:14.301828 11314 cartographer_node.cpp:338] callReadyCheck  hlsStatus : 1 , imuStatus : 1 , laserStatus : 1 , bumpTriggeredStatus : 0 , camera1Status : 0 , camera2Status : 0
I1228 17:05:14.301858 11314 mode_validate.cpp:219] ModeValidate  validateHardwareServer 首次校验结果 0 ------------------------------
I1228 17:05:16.310300 11314 cartographer_node.cpp:338] callReadyCheck  hlsStatus : 1 , imuStatus : 1 , laserStatus : 1 , bumpTriggeredStatus : 0 , camera1Status : 0 , camera2Status : 0
I1228 17:05:16.310359 11314 mode_validate.cpp:231] ModeValidate  validateHardwareServer 再次校验结果 0 ------------------------------
I1228 17:05:16.310420 11314 cartographer_node.cpp:356] callStartLocalization  ready call ...
I1228 17:05:17.404897 11314 cartographer_node.cpp:362] callStartLocalization  tfValid : 1
I1228 17:05:17.404939 11314 mode_validate.cpp:113] ModeValidate  MoveBase 服务可用校验 ------------------------------
I1228 17:05:18.205516 11314 mode_validate.cpp:115] ModeValidate  MoveBase 服务可用校验结果 1
I1228 17:05:18.205633 11314 mode_validate.cpp:141] ModeValidate  CoreMove 服务可用校验 ------------------------------
I1228 17:05:18.478437 11314 mode_validate.cpp:143] ModeValidate  CoreMove 服务可用校验结果 1
I1228 17:05:19.286000 11312 NodeWorkModeManager.cpp:138] NodeWorkModeManager 检测到已经切换为工作模式了 ...
I1228 17:05:19.287616 11546 AsyncTaskFramework.cpp:254] AsyncTaskFramework : 工作模式启动状态   是否是工作 ： 1  是否是建图 ： 0  是否是睡眠 ： 0 ...
I1228 17:05:19.303179 11292 AsyncTaskFramework.cpp:224] AsyncTaskFramework : 准备齐全，请求出站啦 ...
I1228 17:05:26.514799 11292 head_tail_call.cpp:111] HeadTailPointCall : 前期的出站、睡眠等流程执行成功，现在启动清洁机构 ...
I1228 17:05:26.514851 11292 head_tail_call.cpp:123] AsyncTaskFramework : 多地图任务无需打开清洁机构 ...
I1228 17:05:26.529328 11292 head_tail_call.cpp:141] HeadTailPointCall : 梯控前期逻辑开始 ...
I1228 17:05:26.534063 11557 elevator_control.cpp:566] ElevatorControlManager pre 开始移动到电梯点位 ...
W1228 17:05:29.263552 11331 WsServerManager.cpp:189] Open handler
I1228 17:06:21.073346 11292 elevator_control.cpp:1187] ElevatorControlManager pre 移动或调整电梯点位结果 1...
I1228 17:06:21.073511 11554 elevator_control.cpp:569] ElevatorControlManager pre 开始调整电梯点位，总次数为 1 ，当前次数为 1 次 ...
I1228 17:06:21.172174 11292 elevator_control.cpp:1187] ElevatorControlManager pre 移动或调整电梯点位结果 1...
I1228 17:06:21.172281 11555 elevator_control.cpp:797] ElevatorControlManager 乘坐电梯从 1 到 4 层 ...
I1228 17:06:21.172308 11555 elevator_control.cpp:800] ElevatorControlManager 开启楼层查询功能 ...
I1228 17:06:21.172323 11555 elevator_control.cpp:909] ElevatorControlManager pre 点亮楼层 1 ...
I1228 17:06:21.319670 11344 elevator_control.cpp:424] cmd: 60
I1228 17:06:21.320992 11344 elevator_control.cpp:807] ElevatorControlManager 开启楼层判断逻辑，楼层为 1 ...
Message normal. cmd: 60
I1228 17:06:22.321188 11346 elevator_control.cpp:489] ElevatorControlManager pre 电梯处于 -999 层 ...
I1228 17:06:23.321472 11346 elevator_control.cpp:489] ElevatorControlManager pre 电梯处于 6 层 ...
I1228 17:06:24.321897 11346 elevator_control.cpp:489] ElevatorControlManager pre 电梯处于 6 层 ...
I1228 17:06:25.322137 11346 elevator_control.cpp:489] ElevatorControlManager pre 电梯处于 6 层 ...
I1228 17:06:26.322438 11346 elevator_control.cpp:489] ElevatorControlManager pre 电梯处于 6 层 ...
I1228 17:06:27.323704 11346 elevator_control.cpp:489] ElevatorControlManager pre 电梯处于 6 层 ...
I1228 17:06:28.323822 11346 elevator_control.cpp:489] ElevatorControlManager pre 电梯处于 6 层 ...
I1228 17:06:29.326704 11346 elevator_control.cpp:489] ElevatorControlManager pre 电梯处于 6 层 ...
I1228 17:06:30.326824 11346 elevator_control.cpp:489] ElevatorControlManager pre 电梯处于 6 层 ...
I1228 17:06:31.326937 11346 elevator_control.cpp:489] ElevatorControlManager pre 电梯处于 6 层 ...
I1228 17:06:32.327040 11346 elevator_control.cpp:489] ElevatorControlManager pre 电梯处于 7 层 ...
I1228 17:06:32.327081 11346 elevator_control.cpp:502] ElevatorControlManager pre 模拟已经到达 1 层 ...
I1228 17:06:32.327107 11555 elevator_control.cpp:817] ElevatorControlManager 电梯已经到达 1 层 ...
I1228 17:06:32.327126 11555 elevator_control.cpp:820] ElevatorControlManager 执行进入电梯逻辑 ...
I1228 17:06:32.327134 11555 elevator_control.cpp:1135] ElevatorControlManager pre 开始执行进电梯逻辑 ...
I1228 17:06:32.327221 11556 elevator_control.cpp:146] ElevatorControlManager pre 进电梯 前进 ...
read  1  0x7f 0xf7 0xb 0x29 0x8 0x0 0x11 0x22 0x33 0x44 0x55 0x66 0x0 0x62 0x3f
I1228 17:06:40.623421 11556 elevator_control.cpp:154] ElevatorControlManager pre 进电梯 转向 ...
read  1  0x7f 0xf7 0xb 0x29 0x8 0x0 0x11 0x22 0x33 0x44 0x55 0x66 0x0 0x62 0x3f
read  1  0x7f 0xf7 0xb 0x29 0x8 0x0 0x11 0x22 0x33 0x44 0x55 0x66 0x0 0x62 0x3f
I1228 17:06:56.515501 11556 elevator_control.cpp:179] ElevatorControlManager normal_rotate ： 1
I1228 17:06:56.525655 11556 elevator_control.cpp:203] ElevatorControlManager over ： 1， * ： 0.0129818， * ： 5.35035
I1228 17:06:56.525722 11555 elevator_control.cpp:827] ElevatorControlManager 已进入电梯 ...
I1228 17:06:56.525743 11555 elevator_control.cpp:909] ElevatorControlManager pre 点亮楼层 4 ...
read  1  0x7f 0xf7 0xb 0x29 0x8 0x0 0x11 0x22 0x33 0x44 0x55 0x66 0x0 0x62 0x3f
I1228 17:06:57.323810 11344 elevator_control.cpp:424] cmd: 60
I1228 17:06:57.324191 11344 elevator_control.cpp:832] ElevatorControlManager 开启楼层判断逻辑，楼层为 4 ...
Message normal. cmd: 60
I1228 17:06:58.324436 11346 elevator_control.cpp:489] ElevatorControlManager pre 电梯处于 9 层 ...
I1228 17:06:59.324677 11346 elevator_control.cpp:489] ElevatorControlManager pre 电梯处于 9 层 ...
I1228 17:07:00.324791 11346 elevator_control.cpp:489] ElevatorControlManager pre 电梯处于 9 层 ...
I1228 17:07:01.324898 11346 elevator_control.cpp:489] ElevatorControlManager pre 电梯处于 9 层 ...
I1228 17:07:02.325016 11346 elevator_control.cpp:489] ElevatorControlManager pre 电梯处于 10 层 ...
I1228 17:07:03.325790 11346 elevator_control.cpp:489] ElevatorControlManager pre 电梯处于 10 层 ...
I1228 17:07:04.325919 11346 elevator_control.cpp:489] ElevatorControlManager pre 电梯处于 10 层 ...
I1228 17:07:05.326438 11346 elevator_control.cpp:489] ElevatorControlManager pre 电梯处于 10 层 ...
I1228 17:07:06.326579 11346 elevator_control.cpp:489] ElevatorControlManager pre 电梯处于 10 层 ...
I1228 17:07:07.326746 11346 elevator_control.cpp:489] ElevatorControlManager pre 电梯处于 10 层 ...
I1228 17:07:08.326897 11346 elevator_control.cpp:489] ElevatorControlManager pre 电梯处于 10 层 ...
I1228 17:07:08.326941 11346 elevator_control.cpp:502] ElevatorControlManager pre 模拟已经到达 4 层 ...
I1228 17:07:08.326964 11555 elevator_control.cpp:841] ElevatorControlManager 电梯已经到达 4 层 ...
I1228 17:07:08.326987 11555 elevator_control.cpp:844] ElevatorControlManager 执行离开电梯逻辑 ...
I1228 17:07:08.326997 11555 elevator_control.cpp:1142] ElevatorControlManager pre 开始执行出电梯逻辑 ...
I1228 17:07:08.327066 11557 elevator_control.cpp:146] ElevatorControlManager pre 出电梯 前进 ...
read  1  0x7f 0xf7 0xb 0x29 0x8 0x0 0x11 0x22 0x33 0x44 0x55 0x66 0x0 0x62 0x3f
I1228 17:07:16.614495 11557 elevator_control.cpp:154] ElevatorControlManager pre 出电梯 转向 ...
read  1  0x7f 0xf7 0xb 0x29 0x8 0x0 0x11 0x22 0x33 0x44 0x55 0x66 0x0 0x62 0x3f
read  1  0x7f 0xf7 0xb 0x29 0x8 0x0 0x11 0x22 0x33 0x44 0x55 0x66 0x0 0x62 0x3f
I1228 17:07:32.477530 11557 elevator_control.cpp:179] ElevatorControlManager normal_rotate ： 1
I1228 17:07:32.492767 11557 elevator_control.cpp:203] ElevatorControlManager over ： 1， * ： 0.0166398， * ： 5.31738
I1228 17:07:32.492913 11555 elevator_control.cpp:850] ElevatorControlManager pre 已离开电梯 ...
I1228 17:07:32.492972 11554 elevator_control.cpp:634] ElevatorControlManager doPreSwitchMap 开始切换地图 fromMapId : 6df28edc-1df4-4505-a148-f0302ec3c139toMapId : 54aad944-80e5-4ba5-bd46-a8256a601333...
I1228 17:07:32.493441 11554 map_control.cpp:140] backup 6df28edc-1df4-4505-a148-f0302ec3c139 four file and retrieve ...
I1228 17:07:32.496486 11554 map_control.cpp:108] backup 6df28edc-1df4-4505-a148-f0302ec3c139 complete prohibition ...
I1228 17:07:32.514853 11554 map_control.cpp:35] load 54aad944-80e5-4ba5-bd46-a8256a601333 map information ...
I1228 17:07:32.809243 11554 cartographer_node.cpp:378] callStopLocalization  tfValid : 0
I1228 17:07:32.809499 11554 cartographer_node.cpp:356] callStartLocalization  ready call ...
read  1  0x7f 0xf7 0xb 0x29 0x8 0x0 0x11 0x22 0x33 0x44 0x55 0x66 0x0 0x62 0x3f
I1228 17:07:39.898847 11554 cartographer_node.cpp:362] callStartLocalization  tfValid : 1
I1228 17:07:39.898880 11554 mode_validate.cpp:113] ModeValidate  MoveBase 服务可用校验 ------------------------------
I1228 17:07:40.228302 11554 mode_validate.cpp:115] ModeValidate  MoveBase 服务可用校验结果 1
I1228 17:07:40.228394 11554 mode_validate.cpp:141] ModeValidate  CoreMove 服务可用校验 ------------------------------
I1228 17:07:40.280437 11554 mode_validate.cpp:143] ModeValidate  CoreMove 服务可用校验结果 1
I1228 17:07:40.804077 11554 elevator_control.cpp:1021] ElevatorControlManager poseEstimate 重新定位 ...
I1228 17:07:40.804206 11341 elevator_control.cpp:528] ElevatorControlManager pre over 1 ...
I1228 17:07:40.804261 11341 async_task_call.cpp:68] AsyncTaskCall : notify pre elevator finish ...
I1228 17:07:40.812736 11292 head_tail_call.cpp:134] HeadTailPointCall : 清洁机构准备完成，准备执行规划点位任务，当前去第一个点 ...
I1228 17:08:04.045135 11292 head_tail_call.cpp:155] HeadTailPointCall : 未到达第一个区域，重试中 ...
I1228 17:08:04.958858 11292 head_tail_call.cpp:149] HeadTailPointCall : 到达第一个区域，开始流水线作业 ...
I1228 17:08:07.181633 11671 async_task_call.cpp:543] blockId : 1 ,  cs: 1 ts: 218 cf: 1 tf: 1 taskId: 6c6c532b-b742-4394-b713-a1d3365086b6 x: 1.44741 y: 0.560795 value: 0.00458716 0 5
I1228 17:08:08.380198 11671 async_task_call.cpp:543] blockId : 1 ,  cs: 2 ts: 218 cf: 1 tf: 1 taskId: 6c6c532b-b742-4394-b713-a1d3365086b6 x: 1.24742 y: 0.563016 value: 0.00917431 1 9
I1228 17:08:10.182461 11671 async_task_call.cpp:543] blockId : 1 ,  cs: 3 ts: 218 cf: 1 tf: 1 taskId: 6c6c532b-b742-4394-b713-a1d3365086b6 x: 1.04744 y: 0.565239 value: 0.0137615 2 8
I1228 17:08:10.981988 11671 async_task_call.cpp:543] blockId : 1 ,  cs: 4 ts: 218 cf: 1 tf: 1 taskId: 6c6c532b-b742-4394-b713-a1d3365086b6 x: 0.84745 y: 0.567461 value: 0.0183486 3 9
I1228 17:08:12.182152 11671 async_task_call.cpp:543] blockId : 1 ,  cs: 5 ts: 218 cf: 1 tf: 1 taskId: 6c6c532b-b742-4394-b713-a1d3365086b6 x: 0.747456 y: 0.568574 value: 0.0229358 4 7
I1228 17:08:12.780256 11671 async_task_call.cpp:543] blockId : 1 ,  cs: 6 ts: 218 cf: 1 tf: 1 taskId: 6c6c532b-b742-4394-b713-a1d3365086b6 x: 0.648017 y: 0.619681 value: 0.0275229 5 7
I1228 17:08:13.987179 11671 async_task_call.cpp:543] blockId : 1 ,  cs: 7 ts: 218 cf: 1 tf: 1 taskId: 6c6c532b-b742-4394-b713-a1d3365086b6 x: 0.598576 y: 0.670234 value: 0.0321101 6 6
I1228 17:08:15.782815 11671 async_task_call.cpp:543] blockId : 1 ,  cs: 8 ts: 218 cf: 1 tf: 1 taskId: 6c6c532b-b742-4394-b713-a1d3365086b6 x: 0.499693 y: 0.771338 value: 0.0366972 7 7
I1228 17:08:16.580134 11671 async_task_call.cpp:543] blockId : 1 ,  cs: 9 ts: 218 cf: 1 tf: 1 taskId: 6c6c532b-b742-4394-b713-a1d3365086b6 x: 0.349147 y: 0.723008 value: 0.0412844 8 8
I1228 17:08:18.581830 11671 async_task_call.cpp:543] blockId : 1 ,  cs: 10 ts: 218 cf: 1 tf: 1 taskId: 6c6c532b-b742-4394-b713-a1d3365086b6 x: 0.199156 y: 0.724674 value: 0.0458716 9 8
I1228 17:08:19.980222 11671 async_task_call.cpp:543] blockId : 1 ,  cs: 11 ts: 218 cf: 1 tf: 1 taskId: 6c6c532b-b742-4394-b713-a1d3365086b6 x: -0.000832133 y: 0.726896 value: 0.0504587 10 9
I1228 17:08:21.980227 11671 async_task_call.cpp:543] blockId : 1 ,  cs: 12 ts: 218 cf: 1 tf: 1 taskId: 6c6c532b-b742-4394-b713-a1d3365086b6 x: -0.150823 y: 0.728563 value: 0.0550459 11 8
I1228 17:08:24.980430 11671 async_task_call.cpp:543] blockId : 1 ,  cs: 13 ts: 218 cf: 1 tf: 1 taskId: 6c6c532b-b742-4394-b713-a1d3365086b6 x: -0.300814 y: 0.73023 value: 0.059633 12 8
I1228 17:08:26.979732 11671 async_task_call.cpp:543] blockId : 1 ,  cs: 14 ts: 218 cf: 1 tf: 1 taskId: 6c6c532b-b742-4394-b713-a1d3365086b6 x: -0.500802 y: 0.732453 value: 0.0642202 13 9
I1228 17:08:29.188092 11671 async_task_call.cpp:543] blockId : 1 ,  cs: 15 ts: 218 cf: 1 tf: 1 taskId: 6c6c532b-b742-4394-b713-a1d3365086b6 x: -0.551909 y: 0.633014 value: 0.0688073 14 7
I1228 17:08:30.382503 11671 async_task_call.cpp:543] blockId : 1 ,  cs: 16 ts: 218 cf: 1 tf: 1 taskId: 6c6c532b-b742-4394-b713-a1d3365086b6 x: -0.652459 y: 0.584128 value: 0.0733945 15 7
I1228 17:08:31.786134 11671 async_task_call.cpp:543] blockId : 1 ,  cs: 17 ts: 218 cf: 1 tf: 1 taskId: 6c6c532b-b742-4394-b713-a1d3365086b6 x: -0.753008 y: 0.535242 value: 0.0779817 16 7
I1228 17:08:33.979686 11671 async_task_call.cpp:543] blockId : 1 ,  cs: 18 ts: 218 cf: 1 tf: 1 taskId: 6c6c532b-b742-4394-b713-a1d3365086b6 x: -0.853002 y: 0.536353 value: 0.0825688 17 7
I1228 17:08:36.980362 11671 async_task_call.cpp:543] blockId : 1 ,  cs: 19 ts: 218 cf: 1 tf: 1 taskId: 6c6c532b-b742-4394-b713-a1d3365086b6 x: -1.05299 y: 0.538575 value: 0.087156 18 9
I1228 17:08:41.390074 11671 async_task_call.cpp:543] blockId : 1 ,  cs: 20 ts: 218 cf: 1 tf: 1 taskId: 6c6c532b-b742-4394-b713-a1d3365086b6 x: -1.25298 y: 0.540798 value: 0.0917431 19 9
I1228 17:08:45.585507 11671 async_task_call.cpp:543] blockId : 1 ,  cs: 21 ts: 218 cf: 1 tf: 1 taskId: 6c6c532b-b742-4394-b713-a1d3365086b6 x: -1.45297 y: 0.543021 value: 0.0963303 20 9
I1228 17:08:45.785143 11671 async_task_call.cpp:543] blockId : 1 ,  cs: 22 ts: 218 cf: 1 tf: 1 taskId: 6c6c532b-b742-4394-b713-a1d3365086b6 x: -1.65295 y: 0.545243 value: 0.100917 21 9
I1228 17:08:46.182617 11671 async_task_call.cpp:543] blockId : 1 ,  cs: 24 ts: 218 cf: 1 tf: 1 taskId: 6c6c532b-b742-4394-b713-a1d3365086b6 x: -1.85127 y: 0.697455 value: 0.110092 22 8
I1228 17:08:53.381824 11671 async_task_call.cpp:543] blockId : 1 ,  cs: 28 ts: 218 cf: 1 tf: 1 taskId: 6c6c532b-b742-4394-b713-a1d3365086b6 x: -1.84905 y: 0.897443 value: 0.12844 23 7
I1228 17:08:57.582216 11671 async_task_call.cpp:543] blockId : 1 ,  cs: 29 ts: 218 cf: 1 tf: 1 taskId: 6c6c532b-b742-4394-b713-a1d3365086b6 x: -1.64907 y: 0.89522 value: 0.133028 24 9
I1228 17:08:59.179801 11671 async_task_call.cpp:543] blockId : 1 ,  cs: 30 ts: 218 cf: 1 tf: 1 taskId: 6c6c532b-b742-4394-b713-a1d3365086b6 x: -1.44908 y: 0.892998 value: 0.137615 25 9
I1228 17:09:00.583889 11671 async_task_call.cpp:543] blockId : 1 ,  cs: 31 ts: 218 cf: 1 tf: 1 taskId: 6c6c532b-b742-4394-b713-a1d3365086b6 x: -1.24909 y: 0.890775 value: 0.142202 26 9
I1228 17:09:02.180565 11671 async_task_call.cpp:543] blockId : 1 ,  cs: 32 ts: 218 cf: 1 tf: 1 taskId: 6c6c532b-b742-4394-b713-a1d3365086b6 x: -1.0491 y: 0.888553 value: 0.146789 27 9
I1228 17:09:03.580494 11671 async_task_call.cpp:543] blockId : 1 ,  cs: 33 ts: 218 cf: 1 tf: 1 taskId: 6c6c532b-b742-4394-b713-a1d3365086b6 x: -0.849114 y: 0.886332 value: 0.151376 28 9
I1228 17:09:04.782279 11671 async_task_call.cpp:543] blockId : 1 ,  cs: 34 ts: 218 cf: 1 tf: 1 taskId: 6c6c532b-b742-4394-b713-a1d3365086b6 x: -0.649126 y: 0.88411 value: 0.155963 29 9
I1228 17:09:06.380363 11671 async_task_call.cpp:543] blockId : 1 ,  cs: 35 ts: 218 cf: 1 tf: 1 taskId: 6c6c532b-b742-4394-b713-a1d3365086b6 x: -0.449138 y: 0.881887 value: 0.16055 30 9
I1228 17:09:06.981880 11671 async_task_call.cpp:543] blockId : 1 ,  cs: 36 ts: 218 cf: 1 tf: 1 taskId: 6c6c532b-b742-4394-b713-a1d3365086b6 x: -0.249151 y: 0.879664 value: 0.165138 31 9
I1228 17:09:08.381548 11671 async_task_call.cpp:543] blockId : 1 ,  cs: 37 ts: 218 cf: 1 tf: 1 taskId: 6c6c532b-b742-4394-b713-a1d3365086b6 x: -0.0991598 y: 0.877997 value: 0.169725 32 8
I1228 17:09:09.786108 11671 async_task_call.cpp:543] blockId : 1 ,  cs: 38 ts: 218 cf: 1 tf: 1 taskId: 6c6c532b-b742-4394-b713-a1d3365086b6 x: 0.100828 y: 0.875776 value: 0.174312 33 9
I1228 17:09:11.182278 11671 async_task_call.cpp:543] blockId : 1 ,  cs: 39 ts: 218 cf: 1 tf: 1 taskId: 6c6c532b-b742-4394-b713-a1d3365086b6 x: 0.300816 y: 0.873554 value: 0.178899 34 9
I1228 17:09:12.380494 11671 async_task_call.cpp:543] blockId : 1 ,  cs: 40 ts: 218 cf: 1 tf: 1 taskId: 6c6c532b-b742-4394-b713-a1d3365086b6 x: 0.500804 y: 0.871332 value: 0.183486 35 9
I1228 17:09:14.981614 11671 async_task_call.cpp:543] blockId : 1 ,  cs: 41 ts: 218 cf: 1 tf: 1 taskId: 6c6c532b-b742-4394-b713-a1d3365086b6 x: 0.700791 y: 0.869109 value: 0.188073 36 9
I1228 17:09:17.980780 11671 async_task_call.cpp:543] blockId : 1 ,  cs: 42 ts: 218 cf: 1 tf: 1 taskId: 6c6c532b-b742-4394-b713-a1d3365086b6 x: 0.900779 y: 0.866886 value: 0.192661 37 9
I1228 17:09:20.385126 11671 async_task_call.cpp:543] blockId : 1 ,  cs: 43 ts: 218 cf: 1 tf: 1 taskId: 6c6c532b-b742-4394-b713-a1d3365086b6 x: 1.10077 y: 0.864664 value: 0.197248 38 9
I1228 17:09:45.185914 11671 async_task_call.cpp:543] blockId : 1 ,  cs: 48 ts: 218 cf: 1 tf: 1 taskId: 6c6c532b-b742-4394-b713-a1d3365086b6 x: 1.30409 y: 1.16242 value: 0.220183 39 8
I1228 17:09:48.979928 11671 async_task_call.cpp:543] blockId : 1 ,  cs: 59 ts: 218 cf: 1 tf: 1 taskId: 6c6c532b-b742-4394-b713-a1d3365086b6 x: -0.895775 y: 1.18687 value: 0.270642 40 9
I1228 17:09:51.382532 11671 async_task_call.cpp:543] blockId : 1 ,  cs: 60 ts: 218 cf: 1 tf: 1 taskId: 6c6c532b-b742-4394-b713-a1d3365086b6 x: -1.09576 y: 1.18909 value: 0.275229 41 9
I1228 17:09:53.581463 11671 async_task_call.cpp:543] blockId : 1 ,  cs: 61 ts: 218 cf: 1 tf: 1 taskId: 6c6c532b-b742-4394-b713-a1d3365086b6 x: -1.29575 y: 1.19131 value: 0.279817 42 9
I1228 17:10:23.384698 11671 async_task_call.cpp:543] blockId : 1 ,  cs: 63 ts: 218 cf: 1 tf: 1 taskId: 6c6c532b-b742-4394-b713-a1d3365086b6 x: -1.69573 y: 1.19576 value: 0.288991 43 9
I1228 17:10:27.382138 11671 async_task_call.cpp:543] blockId : 1 ,  cs: 78 ts: 218 cf: 1 tf: 1 taskId: 6c6c532b-b742-4394-b713-a1d3365086b6 x: 0.658573 y: 1.56962 value: 0.357798 44 9
I1228 17:10:29.381606 11671 async_task_call.cpp:543] blockId : 1 ,  cs: 79 ts: 218 cf: 1 tf: 1 taskId: 6c6c532b-b742-4394-b713-a1d3365086b6 x: 0.858561 y: 1.5674 value: 0.362385 45 9
I1228 17:10:33.181514 11671 async_task_call.cpp:543] blockId : 1 ,  cs: 80 ts: 218 cf: 1 tf: 1 taskId: 6c6c532b-b742-4394-b713-a1d3365086b6 x: 1.05855 y: 1.56518 value: 0.366972 46 9
I1228 17:10:35.082332 11292 async_task_call.cpp:543] blockId : 1 ,  cs: 81 ts: 218 cf: 1 tf: 1 taskId: 6c6c532b-b742-4394-b713-a1d3365086b6 x: 1.25854 y: 1.56296 value: 0.37156 47 8
I1228 17:10:57.020457 11671 async_task_call.cpp:543] blockId : 3 ,  cs: 1 ts: 218 cf: 1 tf: 1 taskId: 6c6c532b-b742-4394-b713-a1d3365086b6 x: -0.765893 y: 0.497886 value: 0.385321 48 5
I1228 17:10:59.423198 11671 async_task_call.cpp:543] blockId : 3 ,  cs: 2 ts: 218 cf: 1 tf: 1 taskId: 6c6c532b-b742-4394-b713-a1d3365086b6 x: -1.31736 y: 0.527497 value: 0.389908 49 16
I1228 17:11:01.619954 11671 async_task_call.cpp:543] blockId : 3 ,  cs: 3 ts: 218 cf: 1 tf: 1 taskId: 6c6c532b-b742-4394-b713-a1d3365086b6 x: -1.51723 y: 0.520093 value: 0.394495 50 9
I1228 17:11:16.223276 11671 async_task_call.cpp:543] blockId : 3 ,  cs: 8 ts: 218 cf: 1 tf: 1 taskId: 6c6c532b-b742-4394-b713-a1d3365086b6 x: -1.70414 y: 0.162931 value: 0.417431 51 7
I1228 17:11:19.026541 11671 async_task_call.cpp:543] blockId : 3 ,  cs: 19 ts: 218 cf: 1 tf: 1 taskId: 6c6c532b-b742-4394-b713-a1d3365086b6 x: -1.34142 y: -0.173875 value: 0.46789 52 9
I1228 17:11:21.222543 11671 async_task_call.cpp:543] blockId : 3 ,  cs: 27 ts: 218 cf: 1 tf: 1 taskId: 6c6c532b-b742-4394-b713-a1d3365086b6 x: -1.32847 y: -0.523635 value: 0.504587 53 7
I1228 17:11:22.624679 11671 async_task_call.cpp:543] blockId : 3 ,  cs: 28 ts: 218 cf: 1 tf: 1 taskId: 6c6c532b-b742-4394-b713-a1d3365086b6 x: -1.12861 y: -0.516232 value: 0.509174 54 8
I1228 17:11:24.023751 11292 async_task_call.cpp:543] blockId : 3 ,  cs: 29 ts: 218 cf: 1 tf: 1 taskId: 6c6c532b-b742-4394-b713-a1d3365086b6 x: -0.97871 y: -0.510681 value: 0.513761 55 7
I1228 17:11:24.045430 11671 async_task_call.cpp:543] blockId : 4 ,  cs: 1 ts: 218 cf: 0 tf: 1 taskId: 6c6c532b-b742-4394-b713-a1d3365086b6 x: -1.83873 y: -0.650163 value: 0.522936 56 26
I1228 17:11:50.061525 11671 async_task_call.cpp:543] blockId : 5 ,  cs: 2 ts: 218 cf: 1 tf: 1 taskId: 6c6c532b-b742-4394-b713-a1d3365086b6 x: -1.63875 y: -0.652679 value: 0.53211 57 9
I1228 17:11:51.861389 11671 async_task_call.cpp:543] blockId : 5 ,  cs: 3 ts: 218 cf: 1 tf: 1 taskId: 6c6c532b-b742-4394-b713-a1d3365086b6 x: -1.43877 y: -0.655194 value: 0.536697 58 9
I1228 17:11:53.660004 11671 async_task_call.cpp:543] blockId : 5 ,  cs: 4 ts: 218 cf: 1 tf: 1 taskId: 6c6c532b-b742-4394-b713-a1d3365086b6 x: -1.23878 y: -0.657708 value: 0.541284 59 9
I1228 17:11:54.459618 11671 async_task_call.cpp:543] blockId : 5 ,  cs: 5 ts: 218 cf: 1 tf: 1 taskId: 6c6c532b-b742-4394-b713-a1d3365086b6 x: -1.0388 y: -0.660226 value: 0.545872 60 8
I1228 17:11:55.260138 11671 async_task_call.cpp:543] blockId : 5 ,  cs: 6 ts: 218 cf: 1 tf: 1 taskId: 6c6c532b-b742-4394-b713-a1d3365086b6 x: -0.838814 y: -0.662741 value: 0.550459 61 9
I1228 17:11:55.659340 11671 async_task_call.cpp:543] blockId : 5 ,  cs: 7 ts: 218 cf: 1 tf: 1 taskId: 6c6c532b-b742-4394-b713-a1d3365086b6 x: -0.63883 y: -0.665255 value: 0.555046 62 9
I1228 17:11:56.060129 11671 async_task_call.cpp:543] blockId : 5 ,  cs: 8 ts: 218 cf: 1 tf: 1 taskId: 6c6c532b-b742-4394-b713-a1d3365086b6 x: -0.539464 y: -0.716509 value: 0.559633 63 7
I1228 17:11:57.258960 11671 async_task_call.cpp:543] blockId : 5 ,  cs: 9 ts: 218 cf: 1 tf: 1 taskId: 6c6c532b-b742-4394-b713-a1d3365086b6 x: -0.440102 y: -0.767764 value: 0.56422 64 7
I1228 17:11:58.260320 11671 async_task_call.cpp:543] blockId : 5 ,  cs: 10 ts: 218 cf: 1 tf: 1 taskId: 6c6c532b-b742-4394-b713-a1d3365086b6 x: -0.240117 y: -0.770278 value: 0.568807 65 9
I1228 17:11:59.263458 11671 async_task_call.cpp:543] blockId : 5 ,  cs: 11 ts: 218 cf: 1 tf: 1 taskId: 6c6c532b-b742-4394-b713-a1d3365086b6 x: -0.0401357 y: -0.772795 value: 0.573394 66 8
I1228 17:12:00.259485 11671 async_task_call.cpp:543] blockId : 5 ,  cs: 12 ts: 218 cf: 1 tf: 1 taskId: 6c6c532b-b742-4394-b713-a1d3365086b6 x: 0.159852 y: -0.775311 value: 0.577982 67 9
I1228 17:12:02.264248 11671 async_task_call.cpp:543] blockId : 5 ,  cs: 13 ts: 218 cf: 1 tf: 1 taskId: 6c6c532b-b742-4394-b713-a1d3365086b6 x: 0.30984 y: -0.777197 value: 0.582569 68 7
I1228 17:12:05.063443 11671 async_task_call.cpp:543] blockId : 5 ,  cs: 14 ts: 218 cf: 1 tf: 1 taskId: 6c6c532b-b742-4394-b713-a1d3365086b6 x: 0.51045 y: -0.729717 value: 0.587156 69 9
I1228 17:12:07.060227 11671 async_task_call.cpp:543] blockId : 5 ,  cs: 15 ts: 218 cf: 1 tf: 1 taskId: 6c6c532b-b742-4394-b713-a1d3365086b6 x: 0.710435 y: -0.732232 value: 0.591743 70 9
I1228 17:12:09.259186 11671 async_task_call.cpp:543] blockId : 5 ,  cs: 16 ts: 218 cf: 1 tf: 1 taskId: 6c6c532b-b742-4394-b713-a1d3365086b6 x: 0.860423 y: -0.734118 value: 0.59633 71 7
I1228 17:12:10.658887 11671 async_task_call.cpp:543] blockId : 5 ,  cs: 17 ts: 218 cf: 1 tf: 1 taskId: 6c6c532b-b742-4394-b713-a1d3365086b6 x: 1.06041 y: -0.736634 value: 0.600917 72 9
I1228 17:12:11.458686 11671 async_task_call.cpp:543] blockId : 5 ,  cs: 18 ts: 218 cf: 1 tf: 1 taskId: 6c6c532b-b742-4394-b713-a1d3365086b6 x: 1.26039 y: -0.73915 value: 0.605505 73 9
I1228 17:12:21.870154 11671 async_task_call.cpp:543] blockId : 5 ,  cs: 19 ts: 218 cf: 1 tf: 1 taskId: 6c6c532b-b742-4394-b713-a1d3365086b6 x: 1.41101 y: -0.69104 value: 0.610092 74 8
I1228 17:12:23.362778 11671 async_task_call.cpp:543] blockId : 5 ,  cs: 24 ts: 218 cf: 1 tf: 1 taskId: 6c6c532b-b742-4394-b713-a1d3365086b6 x: 0.906646 y: -1.03472 value: 0.633028 75 8
I1228 17:12:24.259068 11671 async_task_call.cpp:543] blockId : 5 ,  cs: 25 ts: 218 cf: 1 tf: 1 taskId: 6c6c532b-b742-4394-b713-a1d3365086b6 x: 0.706663 y: -1.03221 value: 0.637615 76 8
I1228 17:12:25.461628 11671 async_task_call.cpp:543] blockId : 5 ,  cs: 26 ts: 218 cf: 1 tf: 1 taskId: 6c6c532b-b742-4394-b713-a1d3365086b6 x: 0.506678 y: -1.02969 value: 0.642202 77 9
I1228 17:12:26.262795 11671 async_task_call.cpp:543] blockId : 5 ,  cs: 27 ts: 218 cf: 1 tf: 1 taskId: 6c6c532b-b742-4394-b713-a1d3365086b6 x: 0.306693 y: -1.02718 value: 0.646789 78 9
I1228 17:12:27.667568 11671 async_task_call.cpp:543] blockId : 5 ,  cs: 28 ts: 218 cf: 1 tf: 1 taskId: 6c6c532b-b742-4394-b713-a1d3365086b6 x: 0.106709 y: -1.02466 value: 0.651376 79 9
I1228 17:12:28.661284 11671 async_task_call.cpp:543] blockId : 5 ,  cs: 29 ts: 218 cf: 1 tf: 1 taskId: 6c6c532b-b742-4394-b713-a1d3365086b6 x: -0.093276 y: -1.02215 value: 0.655963 80 9
I1228 17:12:29.260186 11671 async_task_call.cpp:543] blockId : 5 ,  cs: 30 ts: 218 cf: 1 tf: 1 taskId: 6c6c532b-b742-4394-b713-a1d3365086b6 x: -0.293261 y: -1.01963 value: 0.66055 81 9
I1228 17:12:29.860702 11671 async_task_call.cpp:543] blockId : 5 ,  cs: 31 ts: 218 cf: 1 tf: 1 taskId: 6c6c532b-b742-4394-b713-a1d3365086b6 x: -0.443249 y: -1.01774 value: 0.665138 82 7
I1228 17:12:30.860256 11671 async_task_call.cpp:543] blockId : 5 ,  cs: 32 ts: 218 cf: 1 tf: 1 taskId: 6c6c532b-b742-4394-b713-a1d3365086b6 x: -0.64323 y: -1.01523 value: 0.669725 83 8
I1228 17:12:32.462186 11671 async_task_call.cpp:543] blockId : 5 ,  cs: 33 ts: 218 cf: 1 tf: 1 taskId: 6c6c532b-b742-4394-b713-a1d3365086b6 x: -0.843215 y: -1.01271 value: 0.674312 84 9
I1228 17:12:36.261684 11671 async_task_call.cpp:543] blockId : 5 ,  cs: 34 ts: 218 cf: 1 tf: 1 taskId: 6c6c532b-b742-4394-b713-a1d3365086b6 x: -1.0432 y: -1.0102 value: 0.678899 85 9
I1228 17:12:39.866225 11671 async_task_call.cpp:543] blockId : 5 ,  cs: 35 ts: 218 cf: 1 tf: 1 taskId: 6c6c532b-b742-4394-b713-a1d3365086b6 x: -1.24318 y: -1.00768 value: 0.683486 86 9
I1228 17:13:02.261000 11292 async_task_call.cpp:543] blockId : 5 ,  cs: 42 ts: 218 cf: 1 tf: 1 taskId: 6c6c532b-b742-4394-b713-a1d3365086b6 x: -1.64755 y: -1.35262 value: 0.715596 87 7
I1228 17:13:02.277655 11671 async_task_call.cpp:543] blockId : 6 ,  cs: 1 ts: 218 cf: 0 tf: 1 taskId: 6c6c532b-b742-4394-b713-a1d3365086b6 x: -1.19822 y: -1.40828 value: 0.857798 88 17
I1228 17:13:26.688302 11292 async_task_call.cpp:543] blockId : 7 ,  cs: 5 ts: 218 cf: 1 tf: 1 taskId: 6c6c532b-b742-4394-b713-a1d3365086b6 x: -1.65196 y: -1.70259 value: 0.880734 89 8
I1228 17:13:47.824713 11671 async_task_call.cpp:543] blockId : 9 ,  cs: 1 ts: 218 cf: 1 tf: 1 taskId: 6c6c532b-b742-4394-b713-a1d3365086b6 x: 0.703901 y: -0.571185 value: 0.894495 90 5
I1228 17:13:48.725380 11671 async_task_call.cpp:543] blockId : 9 ,  cs: 2 ts: 218 cf: 1 tf: 1 taskId: 6c6c532b-b742-4394-b713-a1d3365086b6 x: 0.703901 y: -0.421185 value: 0.899083 91 7
I1228 17:13:49.824092 11671 async_task_call.cpp:543] blockId : 9 ,  cs: 3 ts: 218 cf: 1 tf: 1 taskId: 6c6c532b-b742-4394-b713-a1d3365086b6 x: 0.703901 y: -0.221185 value: 0.90367 92 9
I1228 17:13:50.633546 11671 async_task_call.cpp:543] blockId : 9 ,  cs: 4 ts: 218 cf: 1 tf: 1 taskId: 6c6c532b-b742-4394-b713-a1d3365086b6 x: 0.703901 y: -0.0211848 value: 0.908257 93 9
I1228 17:13:52.623888 11671 async_task_call.cpp:543] blockId : 9 ,  cs: 5 ts: 218 cf: 1 tf: 1 taskId: 6c6c532b-b742-4394-b713-a1d3365086b6 x: 0.703901 y: 0.128815 value: 0.912844 94 8
I1228 17:13:59.829489 11671 async_task_call.cpp:543] blockId : 9 ,  cs: 9 ts: 218 cf: 1 tf: 1 taskId: 6c6c532b-b742-4394-b713-a1d3365086b6 x: 1.0539 y: 0.528815 value: 0.931193 95 9
I1228 17:14:01.825763 11671 async_task_call.cpp:543] blockId : 9 ,  cs: 10 ts: 218 cf: 1 tf: 1 taskId: 6c6c532b-b742-4394-b713-a1d3365086b6 x: 1.0539 y: 0.328815 value: 0.93578 96 9
I1228 17:14:02.825639 11671 async_task_call.cpp:543] blockId : 9 ,  cs: 11 ts: 218 cf: 1 tf: 1 taskId: 6c6c532b-b742-4394-b713-a1d3365086b6 x: 1.0539 y: 0.128815 value: 0.940367 97 9
I1228 17:14:05.226063 11671 async_task_call.cpp:543] blockId : 9 ,  cs: 12 ts: 218 cf: 1 tf: 1 taskId: 6c6c532b-b742-4394-b713-a1d3365086b6 x: 1.0539 y: -0.0211848 value: 0.944954 98 8
I1228 17:14:06.824730 11671 async_task_call.cpp:543] blockId : 9 ,  cs: 13 ts: 218 cf: 1 tf: 1 taskId: 6c6c532b-b742-4394-b713-a1d3365086b6 x: 1.0539 y: -0.221185 value: 0.949541 99 9
I1228 17:14:15.029305 11671 async_task_call.cpp:543] blockId : 9 ,  cs: 18 ts: 218 cf: 1 tf: 1 taskId: 6c6c532b-b742-4394-b713-a1d3365086b6 x: 1.4039 y: -0.421185 value: 0.972477 100 7
I1228 17:14:16.033643 11671 async_task_call.cpp:543] blockId : 9 ,  cs: 19 ts: 218 cf: 1 tf: 1 taskId: 6c6c532b-b742-4394-b713-a1d3365086b6 x: 1.4039 y: -0.221185 value: 0.977064 101 9
I1228 17:14:16.627154 11671 async_task_call.cpp:543] blockId : 9 ,  cs: 20 ts: 218 cf: 1 tf: 1 taskId: 6c6c532b-b742-4394-b713-a1d3365086b6 x: 1.4039 y: -0.0211848 value: 0.981651 102 9
I1228 17:14:17.826249 11671 async_task_call.cpp:543] blockId : 9 ,  cs: 21 ts: 218 cf: 1 tf: 1 taskId: 6c6c532b-b742-4394-b713-a1d3365086b6 x: 1.4039 y: 0.128815 value: 0.986239 103 8
I1228 17:14:18.627525 11292 async_task_call.cpp:543] blockId : 9 ,  cs: 22 ts: 218 cf: 1 tf: 1 taskId: 6c6c532b-b742-4394-b713-a1d3365086b6 x: 1.4039 y: 0.328815 value: 0.990826 104 9
I1228 17:14:18.627801 11292 head_tail_call.cpp:181] HeadTailPointCall : 清扫结束，准备回基站点 ...
I1228 17:14:18.627822 11292 head_tail_call.cpp:186] AsyncTaskFramework : 多地图任务及时收起清洁机构 ...
I1228 17:14:18.632987 11292 async_task_call.cpp:615] HeadTailPointCall : 梯控后期逻辑开始 ...
I1228 17:14:18.637835 11556 elevator_control.cpp:679] ElevatorControlManager post 开始移动到电梯点位 ...
I1228 17:14:51.862583 11292 elevator_control.cpp:1211] ElevatorControlManager completePostCirculation 移动或调整电梯点位有完成 1...
I1228 17:14:51.862783 11555 elevator_control.cpp:682] ElevatorControlManager post 开始调整电梯点位，总次数为 1 ，当前次数为 2 次 ...
I1228 17:14:51.909386 11292 elevator_control.cpp:1211] ElevatorControlManager completePostCirculation 移动或调整电梯点位有完成 1...
I1228 17:14:51.910880 11557 elevator_control.cpp:797] ElevatorControlManager 乘坐电梯从 4 到 1 层 ...
I1228 17:14:51.910933 11557 elevator_control.cpp:800] ElevatorControlManager 开启楼层查询功能 ...
I1228 17:14:51.910954 11557 elevator_control.cpp:909] ElevatorControlManager pre 点亮楼层 4 ...
Message normal. cmd: 60
I1228 17:14:52.057828 11344 elevator_control.cpp:424] cmd: 60
I1228 17:14:52.057876 11344 elevator_control.cpp:807] ElevatorControlManager 开启楼层判断逻辑，楼层为 4 ...
I1228 17:14:53.057965 11346 elevator_control.cpp:489] ElevatorControlManager pre 电梯处于 2 层 ...
I1228 17:14:54.058073 11346 elevator_control.cpp:489] ElevatorControlManager pre 电梯处于 2 层 ...
I1228 17:14:55.058197 11346 elevator_control.cpp:489] ElevatorControlManager pre 电梯处于 2 层 ...
I1228 17:14:56.058621 11346 elevator_control.cpp:489] ElevatorControlManager pre 电梯处于 2 层 ...
I1228 17:14:57.058766 11346 elevator_control.cpp:489] ElevatorControlManager pre 电梯处于 2 层 ...
I1228 17:14:58.058871 11346 elevator_control.cpp:489] ElevatorControlManager pre 电梯处于 2 层 ...
I1228 17:14:59.058982 11346 elevator_control.cpp:489] ElevatorControlManager pre 电梯处于 2 层 ...
I1228 17:15:00.059104 11346 elevator_control.cpp:489] ElevatorControlManager pre 电梯处于 2 层 ...
I1228 17:15:01.059209 11346 elevator_control.cpp:489] ElevatorControlManager pre 电梯处于 2 层 ...
I1228 17:15:02.059316 11346 elevator_control.cpp:489] ElevatorControlManager pre 电梯处于 2 层 ...
I1228 17:15:03.059424 11346 elevator_control.cpp:489] ElevatorControlManager pre 电梯处于 2 层 ...
I1228 17:15:03.059614 11346 elevator_control.cpp:502] ElevatorControlManager pre 模拟已经到达 4 层 ...
I1228 17:15:03.059700 11557 elevator_control.cpp:817] ElevatorControlManager 电梯已经到达 4 层 ...
I1228 17:15:03.059723 11557 elevator_control.cpp:820] ElevatorControlManager 执行进入电梯逻辑 ...
I1228 17:15:03.059733 11557 elevator_control.cpp:1135] ElevatorControlManager pre 开始执行进电梯逻辑 ...
I1228 17:15:03.059809 11554 elevator_control.cpp:146] ElevatorControlManager pre 进电梯 前进 ...
read  1  0x7f 0xf7 0xb 0x29 0x8 0x0 0x11 0x22 0x33 0x44 0x55 0x66 0x0 0x62 0x3f
I1228 17:15:11.282210 11554 elevator_control.cpp:154] ElevatorControlManager pre 进电梯 转向 ...
read  1  0x7f 0xf7 0xb 0x29 0x8 0x0 0x11 0x22 0x33 0x44 0x55 0x66 0x0 0x62 0x3f
read  1  0x7f 0xf7 0xb 0x29 0x8 0x0 0x11 0x22 0x33 0x44 0x55 0x66 0x0 0x62 0x3f
I1228 17:15:27.137373 11554 elevator_control.cpp:179] ElevatorControlManager normal_rotate ： 1
I1228 17:15:27.147517 11554 elevator_control.cpp:203] ElevatorControlManager over ： 1， * ： 0.00644166， * ： 5.39978
I1228 17:15:27.147573 11557 elevator_control.cpp:827] ElevatorControlManager 已进入电梯 ...
I1228 17:15:27.147588 11557 elevator_control.cpp:909] ElevatorControlManager pre 点亮楼层 1 ...
read  1  0x7f 0xf7 0xb 0x29 0x8 0x0 0x11 0x22 0x33 0x44 0x55 0x66 0x0 0x62 0x3f
Message normal. cmd: 60
I1228 17:15:28.062475 11344 elevator_control.cpp:424] cmd: 60
I1228 17:15:28.062582 11344 elevator_control.cpp:832] ElevatorControlManager 开启楼层判断逻辑，楼层为 1 ...
I1228 17:15:29.062753 11346 elevator_control.cpp:489] ElevatorControlManager pre 电梯处于 5 层 ...
I1228 17:15:30.062868 11346 elevator_control.cpp:489] ElevatorControlManager pre 电梯处于 5 层 ...
I1228 17:15:31.063120 11346 elevator_control.cpp:489] ElevatorControlManager pre 电梯处于 5 层 ...
I1228 17:15:32.063401 11346 elevator_control.cpp:489] ElevatorControlManager pre 电梯处于 5 层 ...
I1228 17:15:33.063511 11346 elevator_control.cpp:489] ElevatorControlManager pre 电梯处于 5 层 ...
I1228 17:15:34.063671 11346 elevator_control.cpp:489] ElevatorControlManager pre 电梯处于 6 层 ...
I1228 17:15:35.063903 11346 elevator_control.cpp:489] ElevatorControlManager pre 电梯处于 6 层 ...
I1228 17:15:36.064118 11346 elevator_control.cpp:489] ElevatorControlManager pre 电梯处于 6 层 ...
I1228 17:15:37.064226 11346 elevator_control.cpp:489] ElevatorControlManager pre 电梯处于 6 层 ...
I1228 17:15:38.064493 11346 elevator_control.cpp:489] ElevatorControlManager pre 电梯处于 6 层 ...
I1228 17:15:39.070188 11346 elevator_control.cpp:489] ElevatorControlManager pre 电梯处于 6 层 ...
I1228 17:15:39.070219 11346 elevator_control.cpp:502] ElevatorControlManager pre 模拟已经到达 1 层 ...
I1228 17:15:39.070250 11557 elevator_control.cpp:841] ElevatorControlManager 电梯已经到达 1 层 ...
I1228 17:15:39.070274 11557 elevator_control.cpp:844] ElevatorControlManager 执行离开电梯逻辑 ...
I1228 17:15:39.070286 11557 elevator_control.cpp:1142] ElevatorControlManager pre 开始执行出电梯逻辑 ...
I1228 17:15:39.070350 11556 elevator_control.cpp:146] ElevatorControlManager pre 出电梯 前进 ...
read  1  0x7f 0xf7 0xb 0x29 0x8 0x0 0x11 0x22 0x33 0x44 0x55 0x66 0x0 0x62 0x3f
I1228 17:15:47.335458 11556 elevator_control.cpp:154] ElevatorControlManager pre 出电梯 转向 ...
read  1  0x7f 0xf7 0xb 0x29 0x8 0x0 0x11 0x22 0x33 0x44 0x55 0x66 0x0 0x62 0x3f
read  1  0x7f 0xf7 0xb 0x29 0x8 0x0 0x11 0x22 0x33 0x44 0x55 0x66 0x0 0x62 0x3f
I1228 17:16:03.233736 11556 elevator_control.cpp:179] ElevatorControlManager normal_rotate ： 1
I1228 17:16:03.243883 11556 elevator_control.cpp:203] ElevatorControlManager over ： 1， * ： 0.0100975， * ： 5.36681
I1228 17:16:03.243929 11557 elevator_control.cpp:850] ElevatorControlManager pre 已离开电梯 ...
I1228 17:16:03.243988 11555 elevator_control.cpp:746] ElevatorControlManager doPostElevator 开始切换地图 fromMapId : 54aad944-80e5-4ba5-bd46-a8256a601333toMapId : 6df28edc-1df4-4505-a148-f0302ec3c139...
I1228 17:16:03.244474 11555 map_control.cpp:140] backup 54aad944-80e5-4ba5-bd46-a8256a601333 four file and retrieve ...
I1228 17:16:03.247306 11555 map_control.cpp:108] backup 54aad944-80e5-4ba5-bd46-a8256a601333 complete prohibition ...
I1228 17:16:03.263103 11555 map_control.cpp:35] load 6df28edc-1df4-4505-a148-f0302ec3c139 map information ...
read  1  0x7f 0xf7 0xb 0x29 0x8 0x0 0x11 0x22 0x33 0x44 0x55 0x66 0x0 0x62 0x3f
I1228 17:16:03.572835 11555 cartographer_node.cpp:378] callStopLocalization  tfValid : 0
I1228 17:16:03.572896 11555 cartographer_node.cpp:356] callStartLocalization  ready call ...
I1228 17:16:11.168093 11555 cartographer_node.cpp:362] callStartLocalization  tfValid : 1
I1228 17:16:11.168164 11555 mode_validate.cpp:113] ModeValidate  MoveBase 服务可用校验 ------------------------------
I1228 17:16:11.492292 11555 mode_validate.cpp:115] ModeValidate  MoveBase 服务可用校验结果 1
I1228 17:16:11.492332 11555 mode_validate.cpp:141] ModeValidate  CoreMove 服务可用校验 ------------------------------
I1228 17:16:11.678416 11555 mode_validate.cpp:143] ModeValidate  CoreMove 服务可用校验结果 1
I1228 17:16:12.100453 11342 elevator_control.cpp:552] ElevatorControlManager pre over 1 ...
I1228 17:16:12.100518 11342 async_task_call.cpp:77] AsyncTaskCall : notify post elevator finish ...
I1228 17:16:30.229898 11292 head_tail_call.cpp:273] HeadTailPointCall : 返回基站点位失败 backBaseRetryCount : 1 , 重试中 ...
I1228 17:16:44.765395 11292 head_tail_call.cpp:273] HeadTailPointCall : 返回基站点位失败 backBaseRetryCount : 2 , 重试中 ...
I1228 17:16:49.243046 11292 async_task_call.cpp:188] AsyncTaskCall : 急停了 ...
I1228 17:16:49.243074 11292 async_task_call.cpp:769] AsyncTaskCall : 手动暂停任务，增加暂停拦截 ...
I1228 17:16:49.243086 11292 async_task_call.cpp:770] AsyncTaskCall : event_flow : 8   1
I1228 17:18:13.435518 11292 async_task_call.cpp:193] AsyncTaskCall : 急停后推回基站，任务结束 ...
W1228 17:18:13.454836 11292 async_task_call.cpp:396] AsyncTaskCall : goodGame 3
I1228 17:18:13.474680 11292 async_task_call.cpp:749] AsyncTaskCall : 处理 mode 1 ...
I1228 17:18:13.474727 11292 async_task_call.cpp:750] AsyncTaskCall : 处理 cleanedRatio 0 ...
I1228 17:18:13.474745 11292 AsyncTaskFramework.cpp:367] AsyncTaskFramework : 等待充电成功即可发布睡眠模式 ...
E1228 17:18:13.474753 11292 async_task_call.cpp:757] AsyncTaskCall : gg
I1228 17:18:13.513926 11349 NodeWorkModeManager.cpp:107] NodeWorkModeManager 切换为 mode = 1 的模式 ...
I1228 17:18:13.514101 11351 node_control_subscribe.cpp:15] NodeControlSubscribe : 1
I1228 17:18:13.807631 11317 cartographer_node.cpp:378] callStopLocalization  tfValid : 0
