#### build

/home/admin1/cc/CLion-2023.2/clion-2023.2/bin/cmake/linux/x64/bin/cmake --build
/home/admin1/app_ws/build/app_communication --target rec_app_node -j 6

#### node_control

0
1 SLEEPING
2 WORKING
3 MAPPING

#### segmentation_order

0 pause
1 resume
2 UrgencyStop true
3 UrgencyStop false
100 backToBase
10010 IsCharging true
10011 IsCharging false
10000 quit_manual_mode
10001 enter_manual_mode

#### segmentation_task

x task_id

#### multiple_map_create

1 Start drawing map.
2 The map needs to be rebuilt and the construction is over.
3 End mapping and replace existing map.
4 End mapping, replace existing maps, and delete relevant resources from existing maps.
> 4 Create maps separately as name_map_0'data'.

#### multiple_map_switch *

x map_id

#### build_manager

-2、 -1、【1、 18】 Set the floor to data for the current map
100 Original base station mapping.
101 No base station mapping.
10000 Add elevator points to the current map.
10001 Remove elevator points to the current map.
10010 Set the current map to have no base stations.
10011 Set the current map to have base stations.
100000 Build a building named B6 and associate it with all maps.

#### flow

1.

//启动rviz
roslaunch robot_slam view_nav.launch
//设置无基站模式
rostopic pub -1 /build_manager std_msgs/Int32 "data: 101"

2.
//开始创建地图
rostopic pub -1 /multiple_map_create std_msgs/Int32 "data: 1"
//创建地图结束，地图id为(6df28edc-1df4-4505-a148-f0302ec3c139)
rostopic pub -1 /multiple_map_create std_msgs/Int32 "data: 10"
//设置楼宇关联
rostopic pub -1 /build_manager std_msgs/Int32 "data: 100000"
//设置楼层
rostopic pub -1 /build_manager std_msgs/Int32 "data: 1"
//设置此地图有基站
rostopic pub -1 /build_manager std_msgs/Int32 "data: 10011"
//启动工作模式
rostopic pub -1 /node_control std_msgs/Int32 "data: 2"
//电机失能
rostopic pub -1 /manual_push std_msgs/Int32 "data: 2"
//加入梯控点位
rostopic pub -1 /build_manager std_msgs/Int32 "data: 10000"
//进入睡眠模式
rostopic pub -1 /node_control std_msgs/Int32 "data: 1"

3.
//开启第二个地图
rostopic pub -1 /multiple_map_create std_msgs/Int32 "data: 1"
//结束第二个地图的创建，地图id为(54aad944-80e5-4ba5-bd46-a8256a601333)
rostopic pub -1 /multiple_map_create std_msgs/Int32 "data: 40"
//设置楼宇关联
rostopic pub -1 /build_manager std_msgs/Int32 "data: 100000"
//设置楼层
rostopic pub -1 /build_manager std_msgs/Int32 "data: 4"
//启动工作模式
rostopic pub -1 /node_control std_msgs/Int32 "data: 2"
//电机失能
rostopic pub -1 /manual_push std_msgs/Int32 "data: 2"
//加入梯控点位
rostopic pub -1 /build_manager std_msgs/Int32 "data: 10000"
//进入睡眠模式
rostopic pub -1 /node_control std_msgs/Int32 "data: 1"

4.
//第二张地图增加禁区
add prohibition
//第二章地图增加任务，任务id为28
add task
rostopic pub -1 /manual_push std_msgs/Int32 "data: 2"
//电机使能
rostopic pub -1 /manual_push std_msgs/Int32 "data: 0"
//切换为第一张地图
rostopic pub -1 /multiple_map_switch std_msgs/String "data: '6df28edc-1df4-4505-a148-f0302ec3c139'"

5.
//启动任务
rostopic pub -1 /segmentation_task std_msgs/Int32 "data: 28"
